// Jest Snapshot v1, https://goo.gl/fbAQLP

exports[`clubPage renders correctly 1`] = `
<div
  className="container body"
>
  <div />
  <div
    className="container"
  >
    <div
      className="row"
    >
      <ol
        className="breadcrumb"
      />
    </div>
    <div
      className="row"
    >
      <div
        className="col Tabs"
      >
        <button
          className="btn btn-primary"
          disabled={false}
          onClick={[Function]}
          style={
            Object {
              "backgroundColor": "rgb(255, 171, 64)",
              "borderColor": "rgb(255, 171, 64)",
              "color": "rgb(38, 54, 111)",
            }
          }
          type="button"
        >
          Klubber
        </button>
        <button
          className="btn btn-primary"
          disabled={false}
          onClick={[Function]}
          style={
            Object {
              "backgroundColor": "rgb(255,255,255)",
              "borderColor": "rgb(255, 171, 64)",
              "color": "rgb(38, 54, 111)",
            }
          }
          type="button"
        >
          Idretter
        </button>
      </div>
    </div>
  </div>
  <div>
    <div>
      <div>
        <h3>
          Klubber i 
          test city
        </h3>
        <div
          className="f133pxy0"
        >
          <a
            className="unstyled_link"
            href="/clubs/4"
            onClick={[Function]}
          >
            <div
              className="f1i8l76j"
            >
              <div
                className="f2lk941"
              >
                <img
                  alt="Club"
                  className="fb12b09"
                  src="placeholder.png"
                />
              </div>
              <div
                className="f1drtrr0"
              >
                <h5
                  className="fm5b097"
                >
                  Abakus
                </h5>
                <p>
                  Lorem ipsum dolor sit amet, consectetur adipiscing elit, sed do eiusmod tempor incididunt ut labore et dolore magna...
                </p>
              </div>
            </div>
          </a>
        </div>
      </div>
    </div>
  </div>
</div>
`;
