// Jest Snapshot v1, https://goo.gl/fbAQLP

exports[`clubPage renders correctly 1`] = `
<div
  className="container body"
>
  <div
    className="container"
  >
    <div
      className="row"
    >
      <div
        className="col Tabs"
      >
        <button
          className="btn btn-primary"
          disabled={false}
          onClick={[Function]}
          type="button"
        >
          Klubber
        </button>
        <button
          className="btn btn-primary"
          disabled={false}
          onClick={[Function]}
          type="button"
        >
          Sport
        </button>
      </div>
    </div>
  </div>
  <div>
    <div>
      <div>
        <div />
        <h1>
          Klubber
        </h1>
        <div
          className="card"
        >
          <div
            className="card-body"
          >
            <div
              className="card-title h5"
            >
              Søket gav ingen resultater
            </div>
            <img
              alt="unhappy icon"
              className="unhappy_icon"
              src={
                Object {
                  "ReactComponent": Object {
                    "$$typeof": Symbol(react.forward_ref),
                    "render": [Function],
                  },
                  "__esModule": true,
                  "default": "sadFace.svg",
                }
              }
            />
          </div>
        </div>
      </div>
    </div>
  </div>
</div>
`;
