// Jest Snapshot v1, https://goo.gl/fbAQLP

exports[`clubPage renders correctly 1`] = `
<div
  className="container body"
>
  <div />
  <div
    className="container"
  >
    <div
      className="row"
    >
      <div
        className="col Tabs"
      >
        <button
          className="btn btn-primary"
          disabled={false}
          onClick={[Function]}
          style={
            Object {
              "backgroundColor": "rgb(255, 171, 64)",
              "borderColor": "rgb(255, 171, 64)",
              "color": "rgb(38, 54, 111)",
            }
          }
          type="button"
        >
          Klubber
        </button>
        <button
          className="btn btn-primary"
          disabled={false}
          onClick={[Function]}
          style={
            Object {
              "backgroundColor": "rgb(255,255,255)",
              "borderColor": "rgb(255, 171, 64)",
              "color": "rgb(38, 54, 111)",
            }
          }
          type="button"
        >
          Idretter
        </button>
      </div>
    </div>
  </div>
  <div>
    <div>
      <nav
        aria-label="breadcrumb"
      >
        <ol
          className="breadcrumb"
        />
      </nav>
      <div>
        <h1>
          Klubber
        </h1>
        <div
          className="f1h0bhad"
        >
          Ingen resultater.
        </div>
      </div>
    </div>
  </div>
</div>
`;
