// Jest Snapshot v1, https://goo.gl/fbAQLP

exports[`clubPage renders correctly 1`] = `
<div
  className="container body"
>
  <nav
    aria-label="breadcrumb"
  >
    <ol
      className="breadcrumb"
    />
  </nav>
  <div />
  <div>
    <h3>
      Våre lag
    </h3>
    <div
      className="card"
    >
      <div
        className="card-body"
      >
        <div
          className="card-title h5"
        >
          Søket gav ingen resultater
        </div>
        <img
          alt="unhappy icon"
          className="unhappy_icon"
          src={
            Object {
              "ReactComponent": Object {
                "$$typeof": Symbol(react.forward_ref),
                "render": [Function],
              },
              "__esModule": true,
              "default": "sadFace.svg",
            }
          }
        />
      </div>
    </div>
  </div>
</div>
`;
