// Jest Snapshot v1, https://goo.gl/fbAQLP

exports[`clubPage renders correctly 1`] = `
<div
  className="container body"
>
  <div />
  <div
    className="row"
  >
    <ol
      className="breadcrumb"
    />
  </div>
  <div>
    <h3>
      Våre lag
    </h3>
    <div
      className="f1h0bhad"
    >
      Ingen resultater.
    </div>
  </div>
</div>
`;
