// Jest Snapshot v1, https://goo.gl/fbAQLP

exports[`questionnairePage should render correctly 1`] = `
<div
  className="f1ipot1o"
>
  <h1>
    Idrettsvalgomat
  </h1>
  <p>
    <span>
      Velkommen til NSIs idrettsvalgomat!
    </span>
    <br />
    <br />
    Du vil bli stilt noen spørsmål om hvilke egenskaper du foretrekker foran i en idrett. Dersom du velger det midterste punktet betyr det at du ikke foretrekker den ene over den andre.
    <br />
    <br />
    Lykke til!
  </p>
  <form
    onSubmit={[Function]}
    style={
      Object {
        "display": "flex",
        "flexDirection": "column",
      }
    }
  >
    <div>
      <div
        className="f15mgf7o"
      >
        <span
          className="f1sgdujd"
        >
          Test question
        </span>
        <div
          className="fj2azb8"
        >
          <span
            className="fk4g4pc"
          >
            <input
              className="fk4g4pc"
              data-testid="test_id-0"
              id="test_id-0"
              name="test_id"
              onChange={[Function]}
              type="radio"
              value={0}
            />
            <label
              htmlFor="test_id-0"
            >
              <span
                className="controller0"
              />
            </label>
          </span>
          <span
            className="fk4g4pc"
          >
            <input
              className="fk4g4pc"
              data-testid="test_id-1"
              id="test_id-1"
              name="test_id"
              onChange={[Function]}
              type="radio"
              value={1}
            />
            <label
              htmlFor="test_id-1"
            >
              <span
                className="controller1"
              />
            </label>
          </span>
          <span
            className="fk4g4pc"
          >
            <input
              className="fk4g4pc"
              data-testid="test_id-2"
              id="test_id-2"
              name="test_id"
              onChange={[Function]}
              type="radio"
              value={2}
            />
            <label
              htmlFor="test_id-2"
            >
              <span
                className="controller2"
              />
            </label>
          </span>
          <span
            className="fk4g4pc"
          >
            <input
              className="fk4g4pc"
              data-testid="test_id-3"
              id="test_id-3"
              name="test_id"
              onChange={[Function]}
              type="radio"
              value={3}
            />
            <label
              htmlFor="test_id-3"
            >
              <span
                className="controller3"
              />
            </label>
          </span>
          <span
            className="fk4g4pc"
          >
            <input
              className="fk4g4pc"
              data-testid="test_id-4"
              id="test_id-4"
              name="test_id"
              onChange={[Function]}
              type="radio"
              value={4}
            />
            <label
              htmlFor="test_id-4"
            >
              <span
                className="controller4"
              />
            </label>
          </span>
        </div>
        <div
          className="f1otibs3"
        >
          <span>
            Left item
          </span>
          <span>
            Right item
          </span>
        </div>
        
      </div>
    </div>
    <button
      className="f10phmif btn btn-custom"
      disabled={false}
      type="submit"
    >
      Send inn
    </button>
  </form>
</div>
`;
