// Jest Snapshot v1, https://goo.gl/fbAQLP

exports[`questionnairePage should render correctly 1`] = `
<div
  className="overview"
  style={
    Object {
      "textAlign": "center",
    }
  }
>
  <h1>
    Questionnaire
  </h1>
  <form
    onSubmit={[Function]}
  >
    <button
      disabled={false}
      type="submit"
    >
      Send
    </button>
  </form>
</div>
`;
