// Jest Snapshot v1, https://goo.gl/fbAQLP

exports[`regionPage renders correctly 1`] = `
<div
  className="container"
>
  <h1>
    Regions
  </h1>
  <p>
    Choose a region 
  </p>
  <a
    className="unstyled_link"
    href="/Midtnorge"
    onClick={[Function]}
  >
    <div
      className="card Region"
    >
      <div
        className="card-body"
      >
        <h5
          className="card-title "
        >
          Midtnorge
        </h5>
      </div>
    </div>
  </a>
  <a
    className="unstyled_link"
    href="/Oslo/Viken"
    onClick={[Function]}
  >
    <div
      className="card Region"
    >
      <div
        className="card-body"
      >
        <h5
          className="card-title "
        >
          Oslo/Viken
        </h5>
      </div>
    </div>
  </a>
  <a
    className="unstyled_link"
    href="/Nord norge"
    onClick={[Function]}
  >
    <div
      className="card Region"
    >
      <div
        className="card-body"
      >
        <h5
          className="card-title "
        >
          Nord norge
        </h5>
      </div>
    </div>
  </a>
  <a
    className="unstyled_link"
    href="/Vestlandet"
    onClick={[Function]}
  >
    <div
      className="card Region"
    >
      <div
        className="card-body"
      >
        <h5
          className="card-title "
        >
          Vestlandet
        </h5>
      </div>
    </div>
  </a>
  <a
    className="unstyled_link"
    href="/Sørlandet"
    onClick={[Function]}
  >
    <div
      className="card Region"
    >
      <div
        className="card-body"
      >
        <h5
          className="card-title "
        >
          Sørlandet
        </h5>
      </div>
    </div>
  </a>
</div>
`;
