// Jest Snapshot v1, https://goo.gl/fbAQLP

exports[`regionPage renders correctly 1`] = `
<div
  className="container body"
>
  <div />
  <div
    className="row page_header"
  >
    <div
      className="col"
    >
      <h1>
        Regioner
      </h1>
    </div>
  </div>
  <div
    className="row"
  >
    <ol
      className="breadcrumb"
    />
  </div>
  <h1>
    Regioner
  </h1>
  <div
    className="f1h0bhad"
  >
    Ingen resultater.
  </div>
</div>
`;
