// Jest Snapshot v1, https://goo.gl/fbAQLP

exports[`resultPage snapshot tests should render correctly 1`] = `
<div
  className="fkhz08q"
>
  <h1>
    Idrettsvalgomat
  </h1>
  <p>
    Dine topp 3 resultater er:
  </p>
  <a
    className="unstyled_link"
    href="/sports/id1"
    onClick={[Function]}
  >
    <div
      className="f1swbpbj"
    >
      <div
        className="f1drtrr0"
      >
        <h5
          className="fm5b097"
        >
          name1
        </h5>
      </div>
    </div>
  </a>
  <a
    className="unstyled_link"
    href="/sports/id2"
    onClick={[Function]}
  >
    <div
      className="f1swbpbj"
    >
      <div
        className="f1drtrr0"
      >
        <h5
          className="fm5b097"
        >
          name2
        </h5>
      </div>
    </div>
  </a>
  <a
    className="unstyled_link"
    href="/sports/id3"
    onClick={[Function]}
  >
    <div
      className="f1swbpbj"
    >
      <div
        className="f1drtrr0"
      >
        <h5
          className="fm5b097"
        >
          name3
        </h5>
      </div>
    </div>
  </a>
  <br />
  <a
    className="f1crc5ka btn btn-warning"
    href="/questionnaire"
    onClick={[Function]}
    onKeyDown={[Function]}
  >
    Ta valgomaten igjen
  </a>
</div>
`;
