// Jest Snapshot v1, https://goo.gl/fbAQLP

exports[`regionPage renders correctly 1`] = `
Array [
  <div>
    <div
      className="f3518ct card"
    >
      <div
        style={
          Object {
            "display": "flex",
          }
        }
      >
        <input
          className="form-control"
          name="searchString"
          onChange={[Function]}
          placeholder="Søk..."
          value=""
        />
        <a
          href="/search/?q="
          onClick={[Function]}
        >
          <button
            className="searchBar_button btn btn-primary"
            disabled={true}
            style={
              Object {
                "backgroundColor": "white",
                "borderColor": "#808080",
                "color": "#808080",
              }
            }
            type="submit"
          >
            Søk
          </button>
        </a>
      </div>
      <p
        style={
          Object {
            "textAlign": "left",
          }
        }
      >
         Søkefiltre: 
      </p>
      <div
        className="f1v27uv7"
      >
        <div
          className="faz2bcf"
        >
          <button
            className="f3b1glp btn btn-secondary outlined"
            disabled={false}
            onClick={[Function]}
            style={
              Object {
                "backgroundColor": "white",
                "color": "black",
              }
            }
            type="button"
            value="cities"
          >
            By
          </button>
        </div>
        <div
          className="faz2bcf"
        >
          <button
            className="f3b1glp btn btn-secondary outlined"
            disabled={false}
            onClick={[Function]}
            style={
              Object {
                "backgroundColor": "white",
                "color": "black",
              }
            }
            type="button"
            value="clubs"
          >
            Klubb
          </button>
        </div>
        <div
          className="faz2bcf"
        >
          <button
            className="f3b1glp btn btn-secondary outlined"
            disabled={false}
            onClick={[Function]}
            style={
              Object {
                "backgroundColor": "white",
                "color": "black",
              }
            }
            type="button"
            value="groups"
          >
            Gruppe
          </button>
        </div>
        <div
          className="faz2bcf"
        >
          <button
            className="f3b1glp btn btn-secondary outlined"
            disabled={false}
            onClick={[Function]}
            style={
              Object {
                "backgroundColor": "white",
                "color": "black",
              }
            }
            type="button"
            value="teams"
          >
            Lag
          </button>
        </div>
        <div
          className="faz2bcf"
        >
          <button
            className="f3b1glp btn btn-secondary outlined"
            disabled={false}
            onClick={[Function]}
            style={
              Object {
                "backgroundColor": "white",
                "color": "black",
              }
            }
            type="button"
            value="sports"
          >
            Idrett
          </button>
        </div>
      </div>
    </div>
  </div>,
  <div>
    <div />
  </div>,
]
`;
