// Jest Snapshot v1, https://goo.gl/fbAQLP

exports[`sportPage renders correctly 1`] = `
<div
  className="container"
>
  <h1>
    Sports
  </h1>
  <p>
    Chose sport in 
    : 
  </p>
  <a
    className="unstyled_link"
    href="//Football"
    onClick={[Function]}
  >
    <div
      className="card Sport"
    >
      <div
        className="card-body"
      >
        <h5
          className="card-title"
        >
          Football
        </h5>
        <img
          alt="Sport"
          className="card-img-top"
          src="placeholder.png"
        />
      </div>
    </div>
  </a>
  <a
    className="unstyled_link"
    href="//Handball"
    onClick={[Function]}
  >
    <div
      className="card Sport"
    >
      <div
        className="card-body"
      >
        <h5
          className="card-title"
        >
          Handball
        </h5>
        <img
          alt="Sport"
          className="card-img-top"
          src="placeholder.png"
        />
      </div>
    </div>
  </a>
  <a
    className="unstyled_link"
    href="//Basketball"
    onClick={[Function]}
  >
    <div
      className="card Sport"
    >
      <div
        className="card-body"
      >
        <h5
          className="card-title"
        >
          Basketball
        </h5>
        <img
          alt="Sport"
          className="card-img-top"
          src="placeholder.png"
        />
      </div>
    </div>
  </a>
  <a
    className="unstyled_link"
    href="//American football"
    onClick={[Function]}
  >
    <div
      className="card Sport"
    >
      <div
        className="card-body"
      >
        <h5
          className="card-title"
        >
          American football
        </h5>
        <img
          alt="Sport"
          className="card-img-top"
          src="placeholder.png"
        />
      </div>
    </div>
  </a>
  <a
    className="unstyled_link"
    href="//Baseball"
    onClick={[Function]}
  >
    <div
      className="card Sport"
    >
      <div
        className="card-body"
      >
        <h5
          className="card-title"
        >
          Baseball
        </h5>
        <img
          alt="Sport"
          className="card-img-top"
          src="placeholder.png"
        />
      </div>
    </div>
  </a>
  <a
    className="unstyled_link"
    href="//Hockey"
    onClick={[Function]}
  >
    <div
      className="card Sport"
    >
      <div
        className="card-body"
      >
        <h5
          className="card-title"
        >
          Hockey
        </h5>
        <img
          alt="Sport"
          className="card-img-top"
          src="placeholder.png"
        />
      </div>
    </div>
  </a>
  <a
    className="unstyled_link"
    href="//Tennis"
    onClick={[Function]}
  >
    <div
      className="card Sport"
    >
      <div
        className="card-body"
      >
        <h5
          className="card-title"
        >
          Tennis
        </h5>
        <img
          alt="Sport"
          className="card-img-top"
          src="placeholder.png"
        />
      </div>
    </div>
  </a>
  <a
    className="unstyled_link"
    href="//Cross country skiing"
    onClick={[Function]}
  >
    <div
      className="card Sport"
    >
      <div
        className="card-body"
      >
        <h5
          className="card-title"
        >
          Cross country skiing
        </h5>
        <img
          alt="Sport"
          className="card-img-top"
          src="placeholder.png"
        />
      </div>
    </div>
  </a>
  <a
    className="unstyled_link"
    href="//Rowing"
    onClick={[Function]}
  >
    <div
      className="card Sport"
    >
      <div
        className="card-body"
      >
        <h5
          className="card-title"
        >
          Rowing
        </h5>
        <img
          alt="Sport"
          className="card-img-top"
          src="placeholder.png"
        />
      </div>
    </div>
  </a>
  <a
    className="unstyled_link"
    href="//Fencing"
    onClick={[Function]}
  >
    <div
      className="card Sport"
    >
      <div
        className="card-body"
      >
        <h5
          className="card-title"
        >
          Fencing
        </h5>
        <img
          alt="Sport"
          className="card-img-top"
          src="placeholder.png"
        />
      </div>
    </div>
  </a>
</div>
`;
