// Jest Snapshot v1, https://goo.gl/fbAQLP

exports[`sportPage renders correctly 1`] = `
<div
  className="container body"
>
  <div
    className="row"
  >
    <ol
      className="breadcrumb"
    />
  </div>
  <div
    className="row"
  >
    <div
      className="col"
    />
  </div>
  <div
    className="f1h0bhad"
  >
    Ingen resultater.
  </div>
</div>
`;
