// Jest Snapshot v1, https://goo.gl/fbAQLP

exports[`sportPage renders correctly 1`] = `
<div
  className="container body"
>
  <div
    className="row"
  >
    <div
      className="col"
    >
      <p>
        Klubber som driver med idretten: 
      </p>
    </div>
  </div>
  <nav
    aria-label="breadcrumb"
  >
    <ol
      className="breadcrumb"
    />
  </nav>
  <div />
  <div
    className="f1h0bhad"
  >
    Ingen resultater.
  </div>
</div>
`;
