// Jest Snapshot v1, https://goo.gl/fbAQLP

exports[`App renders correctly 1`] = `
<div
  className="App"
>
  <div
    className="header"
  >
    <section
      className="headerLink"
    >
      <a
        href="/"
        onClick={[Function]}
        style={
          Object {
            "color": "black",
            "textDecoration": "none",
          }
        }
      >
        <section
          className="headerContent"
        >
          <img
            alt="logo"
            src="logo.png"
          />
          <div
            className="textContent"
          >
            Norges
            <br />
            Studentidrettsforbund
          </div>
        </section>
      </a>
    </section>
    <a
      className="search_icon-container"
      href="/search"
      onClick={[Function]}
    >
      <img
        alt="Search icon"
        className="search_icon"
        onClick={[Function]}
        src={
          Object {
            "ReactComponent": Object {
              "$$typeof": Symbol(react.forward_ref),
              "render": [Function],
            },
            "__esModule": true,
            "default": "search.svg",
          }
        }
      />
    </a>
  </div>
  <div
    className="page"
  >
    <div
      className="f1w98fo6"
    >
      <div
        className="f1w98fo6 f1qc6xy7"
      >
        <p>
          Norges Studentidrettsforbund har et bredt idrettstilbud rundt i hele Norge gjennom våre studentidrettslag. På denne nettsiden kan du finne hva vi tilbyr i din studieby!
        </p>
        <a
          className="btn btn-default"
          href="/Regions"
          onClick={[Function]}
          style={
            Object {
              "color": "rgb(38, 54, 111)",
            }
          }
        >
          <button
            className="btn btn-default"
            type="button"
          >
            Finn idrett
          </button>
        </a>
      </div>
      <div
        className="f1w98fo6 f1qc6xy7"
      >
        <p>
          Usikker på hva du ønsker å drive med på fritiden, eller ønsker du å vite hvilke idretter som kunne passet til deg? Vi har laget en idrettsvalgomat som foreslår idretter vi tenker du kunne likt!
        </p>
        <a
          href="/questionnaire"
          onClick={[Function]}
          style={
            Object {
              "color": "rgb(38, 54, 111)",
            }
          }
        >
          <button
            className="btn btn-default"
            type="button"
          >
            Idrettsvalgomat
          </button>
        </a>
      </div>
    </div>
  </div>
  <div
    className="footer"
  />
</div>
`;
