// Jest Snapshot v1, https://goo.gl/fbAQLP

exports[`App renders correctly 1`] = `
<div
  className="App"
>
  <div
    className="header"
  >
    <section
      className="headerLink"
    >
      <a
        href="/"
        onClick={[Function]}
        style={
          Object {
            "color": "black",
            "textDecoration": "none",
          }
        }
      >
        <section
          className="headerContent"
        >
          <img
            alt="logo"
            src="logo.png"
          />
          <div
            className="textContent"
          >
            Norges
            <br />
            Studentidrettsforbund
          </div>
        </section>
      </a>
    </section>
  </div>
  <div
    className="page"
  >
    <div
      className="Landing"
    >
      <div
        className="col"
      >
        <button
          className="btn btn-primary"
          type="button"
        >
          <a
            href="/Regions"
            onClick={[Function]}
            style={
              Object {
                "color": "black",
              }
            }
          >
            Regioner
          </a>
        </button>
        <button
          className="btn btn-primary"
          type="button"
        >
          <a
            href="/questionnaire"
            onClick={[Function]}
            style={
              Object {
                "color": "black",
              }
            }
          >
            Idrettsvalgomat
          </a>
        </button>
      </div>
    </div>
  </div>
  <div
    className="footer"
  />
</div>
`;
