// Jest Snapshot v1, https://goo.gl/fbAQLP

exports[`clubCard renders correctly 1`] = `
Array [
  <div>
    <h1>
      NTNUI Bowling
    </h1>
  </div>,
  <div>
    <p>
      <span
        className="boldText"
      >
        Kontakt: 
      </span>
      <span
        className="linkText"
      >
        info@ntnui.no
      </span>
      <br />
      <span
        className="boldText"
      >
        Medlemskontigent: 
      </span>
      200
      <br />
      <span
        className="boldText"
      >
        Meld deg inn: 
      </span>
      <span
        className="linkText"
      >
        Register at ntnui.no/register
      </span>
    </p>
  </div>,
  <div>
    <p>
      
    </p>
  </div>,
]
`;
