// Jest Snapshot v1, https://goo.gl/fbAQLP

exports[`clubCard renders correctly 1`] = `
Array [
  <div>
    <h1>
      NTNUI Bowling
    </h1>
  </div>,
  <div>
    <p>
      <span
        className="boldText"
      >
        Kontakt: 
      </span>
      <a
        href="mailto: info@ntnui.no"
      >
        info@ntnui.no
      </a>
      <br />
      <span
        className="boldText"
      >
        Medlemskontigent: 
      </span>
      200
      <br />
      <span
        className="boldText"
      >
        Meld deg inn: 
      </span>
      Register at ntnui.no/register
    </p>
  </div>,
  <div>
    <p>
      
    </p>
  </div>,
]
`;
