// Jest Snapshot v1, https://goo.gl/fbAQLP

exports[`clubCard renders correctly 1`] = `
<a
  className="unstyled_link"
  href="/clubs/0"
  onClick={[Function]}
>
  <div
    className="f1bqh63k"
  >
    <div
      className="f1gj5ds8"
    >
      <img
        alt="Club"
        className="fb12b09"
        src="placeholder.png"
      />
    </div>
    <div
      className="f9hjpet"
    >
      <h5
        className="f1rpkic8"
      >
        NTNUIFotball
      </h5>
      <p>
        This is where the description goes
      </p>
    </div>
  </div>
</a>
`;
