// Jest Snapshot v1, https://goo.gl/fbAQLP

exports[`clubCard renders correctly 1`] = `
<a
  className="unstyled_link"
  href="/clubs/3"
  onClick={[Function]}
>
  <div
    className="f1i8l76j"
  >
    <div
      className="f2lk941"
    >
      <img
        alt="Club"
        className="fb12b09"
        src="placeholder.png"
      />
    </div>
    <div
      className="f1drtrr0"
    >
      <h5
        className="fm5b097"
      >
        NTNUI Bowling
      </h5>
      <p>
        
      </p>
    </div>
  </div>
</a>
`;
