// Jest Snapshot v1, https://goo.gl/fbAQLP

exports[`groupCard renders correctly 1`] = `
<a
  className="unstyled_link"
  href="/groups/33"
  onClick={[Function]}
>
  <div
    className="fcjpwci"
  >
    <div
      className="f1q24w9w"
    >
      <img
        alt="Club"
        className="f1mqlstf"
        src="placeholder.png"
      />
      <h5
        className="f19aa3jt"
      >
        ntnui hockey
      </h5>
      <div>
        <p>
          A hockey group at NTNUI
        </p>
      </div>
    </div>
  </div>
</a>
`;
