// Jest Snapshot v1, https://goo.gl/fbAQLP

exports[`header snapshot tests should render correctly 1`] = `
<div
  className="header"
>
  <section
    className="headerLink"
  >
    <a
      href="/"
      onClick={[Function]}
      style={
        Object {
          "color": "black",
          "textDecoration": "none",
        }
      }
    >
      <section
        className="headerContent"
      >
        <img
          alt="logo"
          src="logo.png"
        />
        <div
          className="textContent"
        >
          Norges
          <br />
          Studentidrettsforbund
        </div>
      </section>
    </a>
  </section>
  <a
    href="/search"
    onClick={[Function]}
  >
    <div
      className="search_icon-container"
    >
      <img
        alt="Search icon"
        className="search_icon"
        onClick={[Function]}
        src={
          Object {
            "ReactComponent": Object {
              "$$typeof": Symbol(react.forward_ref),
              "render": [Function],
            },
            "__esModule": true,
            "default": "search.svg",
          }
        }
      />
    </div>
  </a>
</div>
`;
