// Jest Snapshot v1, https://goo.gl/fbAQLP

exports[`SportCard renders correctly 1`] = `
<a
  className="unstyled_link"
  href="/sports/0"
  onClick={[Function]}
>
  <div
    className="f1cnbvby"
  >
    <div
      className="f1drtrr0"
    >
      <h5
        className="fm5b097"
      >
        Football
      </h5>
    </div>
  </div>
</a>
`;
