// Jest Snapshot v1, https://goo.gl/fbAQLP

exports[`teamCard renders correctly 1`] = `
<div
  className="card Region"
  onClick={[Function]}
>
  <h5
    className="card-header card-title"
  >
    Men A
  </h5>
  <div
    className="card-body"
  >
    <img
      alt="Team"
      className="card-img"
      src="placeholder.png"
    />
  </div>
  <div
    className="card-footer"
  >
    <p>
      This is where the short description goes
    </p>
  </div>
</div>
`;

exports[`teamCard renders expanded card correctly 1`] = `
Array [
  <p>
    This is a long description
  </p>,
  <p>
    This team has available positions
  </p>,
  <p>
    This requires tryouts
  </p>,
  <p>
    This team is open for registrations
  </p>,
]
`;
