// Jest Snapshot v1, https://goo.gl/fbAQLP

exports[`teamCard renders correctly 1`] = `
<div
  className="fcjpwci"
  onClick={[Function]}
>
  <h5
    className="f19aa3jt"
  >
    Men A
  </h5>
  <div
    className="f1q24w9w"
  >
    <img
      alt="Team"
      className="f1mqlstf"
      src="placeholder.png"
    />
  </div>
  <div
    className="f1az2iud"
  >
    <p>
      Nivå: 
    </p>
    <p>
      Åpent/opptak: 
       
    </p>
    <p>
      Kjønn: 
    </p>
    <p>
      This is where the short description goes
    </p>
  </div>
</div>
`;

exports[`teamCard renders expanded card correctly 1`] = `
<div>
  <p>
    This is a long description
  </p>
  <p>
    This team has available positions
  </p>
  <p>
    This requires tryouts
  </p>
  <p>
    This team is open for registrations
  </p>
</div>
`;
